downloaded/cached: 182   failed: 29
  FAIL item_fbottle_cuprium_inert_xircon_effluent -> http404
  FAIL item_fbottle_cuprium_sewage -> http404
  FAIL item_fbottle_cuprium_water -> http404
  FAIL item_fbottle_cuprium_xiranite -> http404
  FAIL item_fbottle_cuprium_xircon_effluent -> http404
  FAIL item_fbottle_glass_inert_xircon_effluent -> http404
  FAIL item_fbottle_glass_sewage -> http404
  FAIL item_fbottle_glass_xircon_effluent -> http404
  FAIL item_fbottle_glassenr_inert_xircon_effluent -> http404
  FAIL item_fbottle_glassenr_sewage -> http404
  FAIL item_fbottle_glassenr_xircon_effluent -> http404
  FAIL item_fbottle_hetonite_grass_1 -> http404
  FAIL item_fbottle_hetonite_grass_2 -> http404
  FAIL item_fbottle_hetonite_heavy_xiranite -> http404
  FAIL item_fbottle_hetonite_inert_xircon_effluent -> http404
  FAIL item_fbottle_hetonite_precip_acid -> http404
  FAIL item_fbottle_hetonite_sewage -> http404
  FAIL item_fbottle_hetonite_water -> http404
  FAIL item_fbottle_hetonite_xiranite -> http404
  FAIL item_fbottle_hetonite_xircon_effluent -> http404
  FAIL item_fbottle_iron_inert_xircon_effluent -> http404
  FAIL item_fbottle_iron_sewage -> http404
  FAIL item_fbottle_iron_xircon_effluent -> http404
  FAIL item_fbottle_ironenr_inert_xircon_effluent -> http404
  FAIL item_fbottle_ironenr_sewage -> http404
  FAIL item_fbottle_ironenr_xircon_effluent -> http404
  FAIL item_port_purification_1 -> http404
  FAIL item_port_water_treatment_1 -> http404
  FAIL thermal_bank_1 -> http404
